  Determining projects to restore...
  All projects are up-to-date for restore.
  WorkHub.Utility -> C:\Users\OS\Documents\WorkHub_all\WorkHub\WorkHub.Utility\bin\Debug\net8.0\WorkHub.Utility.dll
  WorkHub.Models -> C:\Users\OS\Documents\WorkHub_all\WorkHub\WorkHub.Models\bin\Debug\net8.0\WorkHub.Models.dll
  WorkHub.DataAccess -> C:\Users\OS\Documents\WorkHub_all\WorkHub\WorkHub.DataAccess\bin\Debug\net8.0\WorkHub.DataAccess.dll
  WorkHub.Business -> C:\Users\OS\Documents\WorkHub_all\WorkHub\WorkHub.Business\bin\Debug\net8.0\WorkHub.Business.dll
C:\Program Files\dotnet\sdk\10.0.101\Microsoft.Common.CurrentVersion.targets(5080,5): warning MSB3026: Could not copy "C:\Users\OS\Documents\WorkHub_all\WorkHub\WorkHub.DataAccess\bin\Debug\net8.0\WorkHub.DataAccess.dll" to "bin\Debug\net8.0\WorkHub.DataAccess.dll". Beginning retry 1 in 1000ms. The process cannot access the file 'C:\Users\OS\Documents\WorkHub_all\WorkHub\WorkHub\bin\Debug\net8.0\WorkHub.DataAccess.dll' because it is being used by another process. The file is locked by: "Microsoft Visual Studio (23372), WorkHub (27664)" [C:\Users\OS\Documents\WorkHub_all\WorkHub\WorkHub\WorkHub.csproj]
C:\Program Files\dotnet\sdk\10.0.101\Microsoft.Common.CurrentVersion.targets(5080,5): warning MSB3026: Could not copy "C:\Users\OS\Documents\WorkHub_all\WorkHub\WorkHub.Business\bin\Debug\net8.0\WorkHub.Business.dll" to "bin\Debug\net8.0\WorkHub.Business.dll". Beginning retry 1 in 1000ms. The process cannot access the file 'C:\Users\OS\Documents\WorkHub_all\WorkHub\WorkHub\bin\Debug\net8.0\WorkHub.Business.dll' because it is being used by another process. The file is locked by: "Microsoft Visual Studio (23372), WorkHub (27664)" [C:\Users\OS\Documents\WorkHub_all\WorkHub\WorkHub\WorkHub.csproj]
C:\Program Files\dotnet\sdk\10.0.101\Microsoft.Common.CurrentVersion.targets(5080,5): warning MSB3026: Could not copy "C:\Users\OS\Documents\WorkHub_all\WorkHub\WorkHub.Models\bin\Debug\net8.0\WorkHub.Models.dll" to "bin\Debug\net8.0\WorkHub.Models.dll". Beginning retry 1 in 1000ms. The process cannot access the file 'C:\Users\OS\Documents\WorkHub_all\WorkHub\WorkHub\bin\Debug\net8.0\WorkHub.Models.dll' because it is being used by another process. The file is locked by: "Microsoft Visual Studio (23372), WorkHub (27664)" [C:\Users\OS\Documents\WorkHub_all\WorkHub\WorkHub\WorkHub.csproj]
C:\Program Files\dotnet\sdk\10.0.101\Microsoft.Common.CurrentVersion.targets(5080,5): warning MSB3026: Could not copy "C:\Users\OS\Documents\WorkHub_all\WorkHub\WorkHub.Business\bin\Debug\net8.0\WorkHub.Business.dll" to "bin\Debug\net8.0\WorkHub.Business.dll". Beginning retry 2 in 1000ms. The process cannot access the file 'C:\Users\OS\Documents\WorkHub_all\WorkHub\WorkHub\bin\Debug\net8.0\WorkHub.Business.dll' because it is being used by another process. The file is locked by: "Microsoft Visual Studio (23372), WorkHub (27664)" [C:\Users\OS\Documents\WorkHub_all\WorkHub\WorkHub\WorkHub.csproj]
C:\Program Files\dotnet\sdk\10.0.101\Microsoft.Common.CurrentVersion.targets(5080,5): warning MSB3026: Could not copy "C:\Users\OS\Documents\WorkHub_all\WorkHub\WorkHub.Models\bin\Debug\net8.0\WorkHub.Models.dll" to "bin\Debug\net8.0\WorkHub.Models.dll". Beginning retry 2 in 1000ms. The process cannot access the file 'C:\Users\OS\Documents\WorkHub_all\WorkHub\WorkHub\bin\Debug\net8.0\WorkHub.Models.dll' because it is being used by another process. The file is locked by: "Microsoft Visual Studio (23372), WorkHub (27664)" [C:\Users\OS\Documents\WorkHub_all\WorkHub\WorkHub\WorkHub.csproj]
C:\Program Files\dotnet\sdk\10.0.101\Microsoft.Common.CurrentVersion.targets(5080,5): warning MSB3026: Could not copy "C:\Users\OS\Documents\WorkHub_all\WorkHub\WorkHub.DataAccess\bin\Debug\net8.0\WorkHub.DataAccess.dll" to "bin\Debug\net8.0\WorkHub.DataAccess.dll". Beginning retry 2 in 1000ms. The process cannot access the file 'C:\Users\OS\Documents\WorkHub_all\WorkHub\WorkHub\bin\Debug\net8.0\WorkHub.DataAccess.dll' because it is being used by another process. The file is locked by: "Microsoft Visual Studio (23372), WorkHub (27664)" [C:\Users\OS\Documents\WorkHub_all\WorkHub\WorkHub\WorkHub.csproj]
C:\Program Files\dotnet\sdk\10.0.101\Microsoft.Common.CurrentVersion.targets(5080,5): warning MSB3026: Could not copy "C:\Users\OS\Documents\WorkHub_all\WorkHub\WorkHub.Business\bin\Debug\net8.0\WorkHub.Business.dll" to "bin\Debug\net8.0\WorkHub.Business.dll". Beginning retry 3 in 1000ms. The process cannot access the file 'C:\Users\OS\Documents\WorkHub_all\WorkHub\WorkHub\bin\Debug\net8.0\WorkHub.Business.dll' because it is being used by another process. The file is locked by: "Microsoft Visual Studio (23372), WorkHub (27664)" [C:\Users\OS\Documents\WorkHub_all\WorkHub\WorkHub\WorkHub.csproj]
C:\Program Files\dotnet\sdk\10.0.101\Microsoft.Common.CurrentVersion.targets(5080,5): warning MSB3026: Could not copy "C:\Users\OS\Documents\WorkHub_all\WorkHub\WorkHub.Models\bin\Debug\net8.0\WorkHub.Models.dll" to "bin\Debug\net8.0\WorkHub.Models.dll". Beginning retry 3 in 1000ms. The process cannot access the file 'C:\Users\OS\Documents\WorkHub_all\WorkHub\WorkHub\bin\Debug\net8.0\WorkHub.Models.dll' because it is being used by another process. The file is locked by: "Microsoft Visual Studio (23372), WorkHub (27664)" [C:\Users\OS\Documents\WorkHub_all\WorkHub\WorkHub\WorkHub.csproj]
C:\Program Files\dotnet\sdk\10.0.101\Microsoft.Common.CurrentVersion.targets(5080,5): warning MSB3026: Could not copy "C:\Users\OS\Documents\WorkHub_all\WorkHub\WorkHub.DataAccess\bin\Debug\net8.0\WorkHub.DataAccess.dll" to "bin\Debug\net8.0\WorkHub.DataAccess.dll". Beginning retry 3 in 1000ms. The process cannot access the file 'C:\Users\OS\Documents\WorkHub_all\WorkHub\WorkHub\bin\Debug\net8.0\WorkHub.DataAccess.dll' because it is being used by another process. The file is locked by: "Microsoft Visual Studio (23372), WorkHub (27664)" [C:\Users\OS\Documents\WorkHub_all\WorkHub\WorkHub\WorkHub.csproj]
C:\Program Files\dotnet\sdk\10.0.101\Microsoft.Common.CurrentVersion.targets(5080,5): warning MSB3026: Could not copy "C:\Users\OS\Documents\WorkHub_all\WorkHub\WorkHub.Business\bin\Debug\net8.0\WorkHub.Business.dll" to "bin\Debug\net8.0\WorkHub.Business.dll". Beginning retry 4 in 1000ms. The process cannot access the file 'C:\Users\OS\Documents\WorkHub_all\WorkHub\WorkHub\bin\Debug\net8.0\WorkHub.Business.dll' because it is being used by another process. The file is locked by: "Microsoft Visual Studio (23372), WorkHub (27664)" [C:\Users\OS\Documents\WorkHub_all\WorkHub\WorkHub\WorkHub.csproj]
C:\Program Files\dotnet\sdk\10.0.101\Microsoft.Common.CurrentVersion.targets(5080,5): warning MSB3026: Could not copy "C:\Users\OS\Documents\WorkHub_all\WorkHub\WorkHub.Models\bin\Debug\net8.0\WorkHub.Models.dll" to "bin\Debug\net8.0\WorkHub.Models.dll". Beginning retry 4 in 1000ms. The process cannot access the file 'C:\Users\OS\Documents\WorkHub_all\WorkHub\WorkHub\bin\Debug\net8.0\WorkHub.Models.dll' because it is being used by another process. The file is locked by: "Microsoft Visual Studio (23372), WorkHub (27664)" [C:\Users\OS\Documents\WorkHub_all\WorkHub\WorkHub\WorkHub.csproj]
C:\Program Files\dotnet\sdk\10.0.101\Microsoft.Common.CurrentVersion.targets(5080,5): warning MSB3026: Could not copy "C:\Users\OS\Documents\WorkHub_all\WorkHub\WorkHub.DataAccess\bin\Debug\net8.0\WorkHub.DataAccess.dll" to "bin\Debug\net8.0\WorkHub.DataAccess.dll". Beginning retry 4 in 1000ms. The process cannot access the file 'C:\Users\OS\Documents\WorkHub_all\WorkHub\WorkHub\bin\Debug\net8.0\WorkHub.DataAccess.dll' because it is being used by another process. The file is locked by: "Microsoft Visual Studio (23372), WorkHub (27664)" [C:\Users\OS\Documents\WorkHub_all\WorkHub\WorkHub\WorkHub.csproj]
C:\Program Files\dotnet\sdk\10.0.101\Microsoft.Common.CurrentVersion.targets(5080,5): warning MSB3026: Could not copy "C:\Users\OS\Documents\WorkHub_all\WorkHub\WorkHub.Business\bin\Debug\net8.0\WorkHub.Business.dll" to "bin\Debug\net8.0\WorkHub.Business.dll". Beginning retry 5 in 1000ms. The process cannot access the file 'C:\Users\OS\Documents\WorkHub_all\WorkHub\WorkHub\bin\Debug\net8.0\WorkHub.Business.dll' because it is being used by another process. The file is locked by: "Microsoft Visual Studio (23372), WorkHub (27664)" [C:\Users\OS\Documents\WorkHub_all\WorkHub\WorkHub\WorkHub.csproj]
C:\Program Files\dotnet\sdk\10.0.101\Microsoft.Common.CurrentVersion.targets(5080,5): warning MSB3026: Could not copy "C:\Users\OS\Documents\WorkHub_all\WorkHub\WorkHub.Models\bin\Debug\net8.0\WorkHub.Models.dll" to "bin\Debug\net8.0\WorkHub.Models.dll". Beginning retry 5 in 1000ms. The process cannot access the file 'C:\Users\OS\Documents\WorkHub_all\WorkHub\WorkHub\bin\Debug\net8.0\WorkHub.Models.dll' because it is being used by another process. The file is locked by: "Microsoft Visual Studio (23372), WorkHub (27664)" [C:\Users\OS\Documents\WorkHub_all\WorkHub\WorkHub\WorkHub.csproj]
C:\Program Files\dotnet\sdk\10.0.101\Microsoft.Common.CurrentVersion.targets(5080,5): warning MSB3026: Could not copy "C:\Users\OS\Documents\WorkHub_all\WorkHub\WorkHub.DataAccess\bin\Debug\net8.0\WorkHub.DataAccess.dll" to "bin\Debug\net8.0\WorkHub.DataAccess.dll". Beginning retry 5 in 1000ms. The process cannot access the file 'C:\Users\OS\Documents\WorkHub_all\WorkHub\WorkHub\bin\Debug\net8.0\WorkHub.DataAccess.dll' because it is being used by another process. The file is locked by: "Microsoft Visual Studio (23372), WorkHub (27664)" [C:\Users\OS\Documents\WorkHub_all\WorkHub\WorkHub\WorkHub.csproj]
C:\Program Files\dotnet\sdk\10.0.101\Microsoft.Common.CurrentVersion.targets(5080,5): warning MSB3026: Could not copy "C:\Users\OS\Documents\WorkHub_all\WorkHub\WorkHub.Business\bin\Debug\net8.0\WorkHub.Business.dll" to "bin\Debug\net8.0\WorkHub.Business.dll". Beginning retry 6 in 1000ms. The process cannot access the file 'C:\Users\OS\Documents\WorkHub_all\WorkHub\WorkHub\bin\Debug\net8.0\WorkHub.Business.dll' because it is being used by another process. The file is locked by: "Microsoft Visual Studio (23372), WorkHub (27664)" [C:\Users\OS\Documents\WorkHub_all\WorkHub\WorkHub\WorkHub.csproj]
C:\Program Files\dotnet\sdk\10.0.101\Microsoft.Common.CurrentVersion.targets(5080,5): warning MSB3026: Could not copy "C:\Users\OS\Documents\WorkHub_all\WorkHub\WorkHub.DataAccess\bin\Debug\net8.0\WorkHub.DataAccess.dll" to "bin\Debug\net8.0\WorkHub.DataAccess.dll". Beginning retry 6 in 1000ms. The process cannot access the file 'C:\Users\OS\Documents\WorkHub_all\WorkHub\WorkHub\bin\Debug\net8.0\WorkHub.DataAccess.dll' because it is being used by another process. The file is locked by: "Microsoft Visual Studio (23372), WorkHub (27664)" [C:\Users\OS\Documents\WorkHub_all\WorkHub\WorkHub\WorkHub.csproj]
C:\Program Files\dotnet\sdk\10.0.101\Microsoft.Common.CurrentVersion.targets(5080,5): warning MSB3026: Could not copy "C:\Users\OS\Documents\WorkHub_all\WorkHub\WorkHub.Models\bin\Debug\net8.0\WorkHub.Models.dll" to "bin\Debug\net8.0\WorkHub.Models.dll". Beginning retry 6 in 1000ms. The process cannot access the file 'C:\Users\OS\Documents\WorkHub_all\WorkHub\WorkHub\bin\Debug\net8.0\WorkHub.Models.dll' because it is being used by another process. The file is locked by: "Microsoft Visual Studio (23372), WorkHub (27664)" [C:\Users\OS\Documents\WorkHub_all\WorkHub\WorkHub\WorkHub.csproj]
C:\Program Files\dotnet\sdk\10.0.101\Microsoft.Common.CurrentVersion.targets(5080,5): warning MSB3026: Could not copy "C:\Users\OS\Documents\WorkHub_all\WorkHub\WorkHub.Business\bin\Debug\net8.0\WorkHub.Business.dll" to "bin\Debug\net8.0\WorkHub.Business.dll". Beginning retry 7 in 1000ms. The process cannot access the file 'C:\Users\OS\Documents\WorkHub_all\WorkHub\WorkHub\bin\Debug\net8.0\WorkHub.Business.dll' because it is being used by another process. The file is locked by: "Microsoft Visual Studio (23372), WorkHub (27664)" [C:\Users\OS\Documents\WorkHub_all\WorkHub\WorkHub\WorkHub.csproj]
C:\Program Files\dotnet\sdk\10.0.101\Microsoft.Common.CurrentVersion.targets(5080,5): warning MSB3026: Could not copy "C:\Users\OS\Documents\WorkHub_all\WorkHub\WorkHub.Models\bin\Debug\net8.0\WorkHub.Models.dll" to "bin\Debug\net8.0\WorkHub.Models.dll". Beginning retry 7 in 1000ms. The process cannot access the file 'C:\Users\OS\Documents\WorkHub_all\WorkHub\WorkHub\bin\Debug\net8.0\WorkHub.Models.dll' because it is being used by another process. The file is locked by: "Microsoft Visual Studio (23372), WorkHub (27664)" [C:\Users\OS\Documents\WorkHub_all\WorkHub\WorkHub\WorkHub.csproj]
C:\Program Files\dotnet\sdk\10.0.101\Microsoft.Common.CurrentVersion.targets(5080,5): warning MSB3026: Could not copy "C:\Users\OS\Documents\WorkHub_all\WorkHub\WorkHub.DataAccess\bin\Debug\net8.0\WorkHub.DataAccess.dll" to "bin\Debug\net8.0\WorkHub.DataAccess.dll". Beginning retry 7 in 1000ms. The process cannot access the file 'C:\Users\OS\Documents\WorkHub_all\WorkHub\WorkHub\bin\Debug\net8.0\WorkHub.DataAccess.dll' because it is being used by another process. The file is locked by: "Microsoft Visual Studio (23372), WorkHub (27664)" [C:\Users\OS\Documents\WorkHub_all\WorkHub\WorkHub\WorkHub.csproj]
C:\Program Files\dotnet\sdk\10.0.101\Microsoft.Common.CurrentVersion.targets(5080,5): warning MSB3026: Could not copy "C:\Users\OS\Documents\WorkHub_all\WorkHub\WorkHub.Business\bin\Debug\net8.0\WorkHub.Business.dll" to "bin\Debug\net8.0\WorkHub.Business.dll". Beginning retry 8 in 1000ms. The process cannot access the file 'C:\Users\OS\Documents\WorkHub_all\WorkHub\WorkHub\bin\Debug\net8.0\WorkHub.Business.dll' because it is being used by another process. The file is locked by: "Microsoft Visual Studio (23372), WorkHub (27664)" [C:\Users\OS\Documents\WorkHub_all\WorkHub\WorkHub\WorkHub.csproj]
C:\Program Files\dotnet\sdk\10.0.101\Microsoft.Common.CurrentVersion.targets(5080,5): warning MSB3026: Could not copy "C:\Users\OS\Documents\WorkHub_all\WorkHub\WorkHub.Models\bin\Debug\net8.0\WorkHub.Models.dll" to "bin\Debug\net8.0\WorkHub.Models.dll". Beginning retry 8 in 1000ms. The process cannot access the file 'C:\Users\OS\Documents\WorkHub_all\WorkHub\WorkHub\bin\Debug\net8.0\WorkHub.Models.dll' because it is being used by another process. The file is locked by: "Microsoft Visual Studio (23372), WorkHub (27664)" [C:\Users\OS\Documents\WorkHub_all\WorkHub\WorkHub\WorkHub.csproj]
C:\Program Files\dotnet\sdk\10.0.101\Microsoft.Common.CurrentVersion.targets(5080,5): warning MSB3026: Could not copy "C:\Users\OS\Documents\WorkHub_all\WorkHub\WorkHub.DataAccess\bin\Debug\net8.0\WorkHub.DataAccess.dll" to "bin\Debug\net8.0\WorkHub.DataAccess.dll". Beginning retry 8 in 1000ms. The process cannot access the file 'C:\Users\OS\Documents\WorkHub_all\WorkHub\WorkHub\bin\Debug\net8.0\WorkHub.DataAccess.dll' because it is being used by another process. The file is locked by: "Microsoft Visual Studio (23372), WorkHub (27664)" [C:\Users\OS\Documents\WorkHub_all\WorkHub\WorkHub\WorkHub.csproj]
C:\Program Files\dotnet\sdk\10.0.101\Microsoft.Common.CurrentVersion.targets(5080,5): warning MSB3026: Could not copy "C:\Users\OS\Documents\WorkHub_all\WorkHub\WorkHub.Business\bin\Debug\net8.0\WorkHub.Business.dll" to "bin\Debug\net8.0\WorkHub.Business.dll". Beginning retry 9 in 1000ms. The process cannot access the file 'C:\Users\OS\Documents\WorkHub_all\WorkHub\WorkHub\bin\Debug\net8.0\WorkHub.Business.dll' because it is being used by another process. The file is locked by: "Microsoft Visual Studio (23372), WorkHub (27664)" [C:\Users\OS\Documents\WorkHub_all\WorkHub\WorkHub\WorkHub.csproj]
C:\Program Files\dotnet\sdk\10.0.101\Microsoft.Common.CurrentVersion.targets(5080,5): warning MSB3026: Could not copy "C:\Users\OS\Documents\WorkHub_all\WorkHub\WorkHub.DataAccess\bin\Debug\net8.0\WorkHub.DataAccess.dll" to "bin\Debug\net8.0\WorkHub.DataAccess.dll". Beginning retry 9 in 1000ms. The process cannot access the file 'C:\Users\OS\Documents\WorkHub_all\WorkHub\WorkHub\bin\Debug\net8.0\WorkHub.DataAccess.dll' because it is being used by another process. The file is locked by: "Microsoft Visual Studio (23372), WorkHub (27664)" [C:\Users\OS\Documents\WorkHub_all\WorkHub\WorkHub\WorkHub.csproj]
C:\Program Files\dotnet\sdk\10.0.101\Microsoft.Common.CurrentVersion.targets(5080,5): warning MSB3026: Could not copy "C:\Users\OS\Documents\WorkHub_all\WorkHub\WorkHub.Models\bin\Debug\net8.0\WorkHub.Models.dll" to "bin\Debug\net8.0\WorkHub.Models.dll". Beginning retry 9 in 1000ms. The process cannot access the file 'C:\Users\OS\Documents\WorkHub_all\WorkHub\WorkHub\bin\Debug\net8.0\WorkHub.Models.dll' because it is being used by another process. The file is locked by: "Microsoft Visual Studio (23372), WorkHub (27664)" [C:\Users\OS\Documents\WorkHub_all\WorkHub\WorkHub\WorkHub.csproj]
C:\Program Files\dotnet\sdk\10.0.101\Microsoft.Common.CurrentVersion.targets(5080,5): warning MSB3026: Could not copy "C:\Users\OS\Documents\WorkHub_all\WorkHub\WorkHub.Business\bin\Debug\net8.0\WorkHub.Business.dll" to "bin\Debug\net8.0\WorkHub.Business.dll". Beginning retry 10 in 1000ms. The process cannot access the file 'C:\Users\OS\Documents\WorkHub_all\WorkHub\WorkHub\bin\Debug\net8.0\WorkHub.Business.dll' because it is being used by another process. The file is locked by: "Microsoft Visual Studio (23372), WorkHub (27664)" [C:\Users\OS\Documents\WorkHub_all\WorkHub\WorkHub\WorkHub.csproj]
C:\Program Files\dotnet\sdk\10.0.101\Microsoft.Common.CurrentVersion.targets(5080,5): warning MSB3026: Could not copy "C:\Users\OS\Documents\WorkHub_all\WorkHub\WorkHub.DataAccess\bin\Debug\net8.0\WorkHub.DataAccess.dll" to "bin\Debug\net8.0\WorkHub.DataAccess.dll". Beginning retry 10 in 1000ms. The process cannot access the file 'C:\Users\OS\Documents\WorkHub_all\WorkHub\WorkHub\bin\Debug\net8.0\WorkHub.DataAccess.dll' because it is being used by another process. The file is locked by: "Microsoft Visual Studio (23372), WorkHub (27664)" [C:\Users\OS\Documents\WorkHub_all\WorkHub\WorkHub\WorkHub.csproj]
C:\Program Files\dotnet\sdk\10.0.101\Microsoft.Common.CurrentVersion.targets(5080,5): warning MSB3026: Could not copy "C:\Users\OS\Documents\WorkHub_all\WorkHub\WorkHub.Models\bin\Debug\net8.0\WorkHub.Models.dll" to "bin\Debug\net8.0\WorkHub.Models.dll". Beginning retry 10 in 1000ms. The process cannot access the file 'C:\Users\OS\Documents\WorkHub_all\WorkHub\WorkHub\bin\Debug\net8.0\WorkHub.Models.dll' because it is being used by another process. The file is locked by: "Microsoft Visual Studio (23372), WorkHub (27664)" [C:\Users\OS\Documents\WorkHub_all\WorkHub\WorkHub\WorkHub.csproj]
C:\Program Files\dotnet\sdk\10.0.101\Microsoft.Common.CurrentVersion.targets(5080,5): error MSB3027: Could not copy "C:\Users\OS\Documents\WorkHub_all\WorkHub\WorkHub.Business\bin\Debug\net8.0\WorkHub.Business.dll" to "bin\Debug\net8.0\WorkHub.Business.dll". Exceeded retry count of 10. Failed. The file is locked by: "Microsoft Visual Studio (23372), WorkHub (27664)" [C:\Users\OS\Documents\WorkHub_all\WorkHub\WorkHub\WorkHub.csproj]
C:\Program Files\dotnet\sdk\10.0.101\Microsoft.Common.CurrentVersion.targets(5080,5): error MSB3021: Unable to copy file "C:\Users\OS\Documents\WorkHub_all\WorkHub\WorkHub.Business\bin\Debug\net8.0\WorkHub.Business.dll" to "bin\Debug\net8.0\WorkHub.Business.dll". The process cannot access the file 'C:\Users\OS\Documents\WorkHub_all\WorkHub\WorkHub\bin\Debug\net8.0\WorkHub.Business.dll' because it is being used by another process. [C:\Users\OS\Documents\WorkHub_all\WorkHub\WorkHub\WorkHub.csproj]
C:\Program Files\dotnet\sdk\10.0.101\Microsoft.Common.CurrentVersion.targets(5080,5): error MSB3027: Could not copy "C:\Users\OS\Documents\WorkHub_all\WorkHub\WorkHub.Models\bin\Debug\net8.0\WorkHub.Models.dll" to "bin\Debug\net8.0\WorkHub.Models.dll". Exceeded retry count of 10. Failed. The file is locked by: "Microsoft Visual Studio (23372), WorkHub (27664)" [C:\Users\OS\Documents\WorkHub_all\WorkHub\WorkHub\WorkHub.csproj]
C:\Program Files\dotnet\sdk\10.0.101\Microsoft.Common.CurrentVersion.targets(5080,5): error MSB3021: Unable to copy file "C:\Users\OS\Documents\WorkHub_all\WorkHub\WorkHub.Models\bin\Debug\net8.0\WorkHub.Models.dll" to "bin\Debug\net8.0\WorkHub.Models.dll". The process cannot access the file 'C:\Users\OS\Documents\WorkHub_all\WorkHub\WorkHub\bin\Debug\net8.0\WorkHub.Models.dll' because it is being used by another process. [C:\Users\OS\Documents\WorkHub_all\WorkHub\WorkHub\WorkHub.csproj]
C:\Program Files\dotnet\sdk\10.0.101\Microsoft.Common.CurrentVersion.targets(5080,5): error MSB3027: Could not copy "C:\Users\OS\Documents\WorkHub_all\WorkHub\WorkHub.DataAccess\bin\Debug\net8.0\WorkHub.DataAccess.dll" to "bin\Debug\net8.0\WorkHub.DataAccess.dll". Exceeded retry count of 10. Failed. The file is locked by: "Microsoft Visual Studio (23372), WorkHub (27664)" [C:\Users\OS\Documents\WorkHub_all\WorkHub\WorkHub\WorkHub.csproj]
C:\Program Files\dotnet\sdk\10.0.101\Microsoft.Common.CurrentVersion.targets(5080,5): error MSB3021: Unable to copy file "C:\Users\OS\Documents\WorkHub_all\WorkHub\WorkHub.DataAccess\bin\Debug\net8.0\WorkHub.DataAccess.dll" to "bin\Debug\net8.0\WorkHub.DataAccess.dll". The process cannot access the file 'C:\Users\OS\Documents\WorkHub_all\WorkHub\WorkHub\bin\Debug\net8.0\WorkHub.DataAccess.dll' because it is being used by another process. [C:\Users\OS\Documents\WorkHub_all\WorkHub\WorkHub\WorkHub.csproj]

Build FAILED.

C:\Program Files\dotnet\sdk\10.0.101\Microsoft.Common.CurrentVersion.targets(5080,5): warning MSB3026: Could not copy "C:\Users\OS\Documents\WorkHub_all\WorkHub\WorkHub.DataAccess\bin\Debug\net8.0\WorkHub.DataAccess.dll" to "bin\Debug\net8.0\WorkHub.DataAccess.dll". Beginning retry 1 in 1000ms. The process cannot access the file 'C:\Users\OS\Documents\WorkHub_all\WorkHub\WorkHub\bin\Debug\net8.0\WorkHub.DataAccess.dll' because it is being used by another process. The file is locked by: "Microsoft Visual Studio (23372), WorkHub (27664)" [C:\Users\OS\Documents\WorkHub_all\WorkHub\WorkHub\WorkHub.csproj]
C:\Program Files\dotnet\sdk\10.0.101\Microsoft.Common.CurrentVersion.targets(5080,5): warning MSB3026: Could not copy "C:\Users\OS\Documents\WorkHub_all\WorkHub\WorkHub.Business\bin\Debug\net8.0\WorkHub.Business.dll" to "bin\Debug\net8.0\WorkHub.Business.dll". Beginning retry 1 in 1000ms. The process cannot access the file 'C:\Users\OS\Documents\WorkHub_all\WorkHub\WorkHub\bin\Debug\net8.0\WorkHub.Business.dll' because it is being used by another process. The file is locked by: "Microsoft Visual Studio (23372), WorkHub (27664)" [C:\Users\OS\Documents\WorkHub_all\WorkHub\WorkHub\WorkHub.csproj]
C:\Program Files\dotnet\sdk\10.0.101\Microsoft.Common.CurrentVersion.targets(5080,5): warning MSB3026: Could not copy "C:\Users\OS\Documents\WorkHub_all\WorkHub\WorkHub.Models\bin\Debug\net8.0\WorkHub.Models.dll" to "bin\Debug\net8.0\WorkHub.Models.dll". Beginning retry 1 in 1000ms. The process cannot access the file 'C:\Users\OS\Documents\WorkHub_all\WorkHub\WorkHub\bin\Debug\net8.0\WorkHub.Models.dll' because it is being used by another process. The file is locked by: "Microsoft Visual Studio (23372), WorkHub (27664)" [C:\Users\OS\Documents\WorkHub_all\WorkHub\WorkHub\WorkHub.csproj]
C:\Program Files\dotnet\sdk\10.0.101\Microsoft.Common.CurrentVersion.targets(5080,5): warning MSB3026: Could not copy "C:\Users\OS\Documents\WorkHub_all\WorkHub\WorkHub.Business\bin\Debug\net8.0\WorkHub.Business.dll" to "bin\Debug\net8.0\WorkHub.Business.dll". Beginning retry 2 in 1000ms. The process cannot access the file 'C:\Users\OS\Documents\WorkHub_all\WorkHub\WorkHub\bin\Debug\net8.0\WorkHub.Business.dll' because it is being used by another process. The file is locked by: "Microsoft Visual Studio (23372), WorkHub (27664)" [C:\Users\OS\Documents\WorkHub_all\WorkHub\WorkHub\WorkHub.csproj]
C:\Program Files\dotnet\sdk\10.0.101\Microsoft.Common.CurrentVersion.targets(5080,5): warning MSB3026: Could not copy "C:\Users\OS\Documents\WorkHub_all\WorkHub\WorkHub.Models\bin\Debug\net8.0\WorkHub.Models.dll" to "bin\Debug\net8.0\WorkHub.Models.dll". Beginning retry 2 in 1000ms. The process cannot access the file 'C:\Users\OS\Documents\WorkHub_all\WorkHub\WorkHub\bin\Debug\net8.0\WorkHub.Models.dll' because it is being used by another process. The file is locked by: "Microsoft Visual Studio (23372), WorkHub (27664)" [C:\Users\OS\Documents\WorkHub_all\WorkHub\WorkHub\WorkHub.csproj]
C:\Program Files\dotnet\sdk\10.0.101\Microsoft.Common.CurrentVersion.targets(5080,5): warning MSB3026: Could not copy "C:\Users\OS\Documents\WorkHub_all\WorkHub\WorkHub.DataAccess\bin\Debug\net8.0\WorkHub.DataAccess.dll" to "bin\Debug\net8.0\WorkHub.DataAccess.dll". Beginning retry 2 in 1000ms. The process cannot access the file 'C:\Users\OS\Documents\WorkHub_all\WorkHub\WorkHub\bin\Debug\net8.0\WorkHub.DataAccess.dll' because it is being used by another process. The file is locked by: "Microsoft Visual Studio (23372), WorkHub (27664)" [C:\Users\OS\Documents\WorkHub_all\WorkHub\WorkHub\WorkHub.csproj]
C:\Program Files\dotnet\sdk\10.0.101\Microsoft.Common.CurrentVersion.targets(5080,5): warning MSB3026: Could not copy "C:\Users\OS\Documents\WorkHub_all\WorkHub\WorkHub.Business\bin\Debug\net8.0\WorkHub.Business.dll" to "bin\Debug\net8.0\WorkHub.Business.dll". Beginning retry 3 in 1000ms. The process cannot access the file 'C:\Users\OS\Documents\WorkHub_all\WorkHub\WorkHub\bin\Debug\net8.0\WorkHub.Business.dll' because it is being used by another process. The file is locked by: "Microsoft Visual Studio (23372), WorkHub (27664)" [C:\Users\OS\Documents\WorkHub_all\WorkHub\WorkHub\WorkHub.csproj]
C:\Program Files\dotnet\sdk\10.0.101\Microsoft.Common.CurrentVersion.targets(5080,5): warning MSB3026: Could not copy "C:\Users\OS\Documents\WorkHub_all\WorkHub\WorkHub.Models\bin\Debug\net8.0\WorkHub.Models.dll" to "bin\Debug\net8.0\WorkHub.Models.dll". Beginning retry 3 in 1000ms. The process cannot access the file 'C:\Users\OS\Documents\WorkHub_all\WorkHub\WorkHub\bin\Debug\net8.0\WorkHub.Models.dll' because it is being used by another process. The file is locked by: "Microsoft Visual Studio (23372), WorkHub (27664)" [C:\Users\OS\Documents\WorkHub_all\WorkHub\WorkHub\WorkHub.csproj]
C:\Program Files\dotnet\sdk\10.0.101\Microsoft.Common.CurrentVersion.targets(5080,5): warning MSB3026: Could not copy "C:\Users\OS\Documents\WorkHub_all\WorkHub\WorkHub.DataAccess\bin\Debug\net8.0\WorkHub.DataAccess.dll" to "bin\Debug\net8.0\WorkHub.DataAccess.dll". Beginning retry 3 in 1000ms. The process cannot access the file 'C:\Users\OS\Documents\WorkHub_all\WorkHub\WorkHub\bin\Debug\net8.0\WorkHub.DataAccess.dll' because it is being used by another process. The file is locked by: "Microsoft Visual Studio (23372), WorkHub (27664)" [C:\Users\OS\Documents\WorkHub_all\WorkHub\WorkHub\WorkHub.csproj]
C:\Program Files\dotnet\sdk\10.0.101\Microsoft.Common.CurrentVersion.targets(5080,5): warning MSB3026: Could not copy "C:\Users\OS\Documents\WorkHub_all\WorkHub\WorkHub.Business\bin\Debug\net8.0\WorkHub.Business.dll" to "bin\Debug\net8.0\WorkHub.Business.dll". Beginning retry 4 in 1000ms. The process cannot access the file 'C:\Users\OS\Documents\WorkHub_all\WorkHub\WorkHub\bin\Debug\net8.0\WorkHub.Business.dll' because it is being used by another process. The file is locked by: "Microsoft Visual Studio (23372), WorkHub (27664)" [C:\Users\OS\Documents\WorkHub_all\WorkHub\WorkHub\WorkHub.csproj]
C:\Program Files\dotnet\sdk\10.0.101\Microsoft.Common.CurrentVersion.targets(5080,5): warning MSB3026: Could not copy "C:\Users\OS\Documents\WorkHub_all\WorkHub\WorkHub.Models\bin\Debug\net8.0\WorkHub.Models.dll" to "bin\Debug\net8.0\WorkHub.Models.dll". Beginning retry 4 in 1000ms. The process cannot access the file 'C:\Users\OS\Documents\WorkHub_all\WorkHub\WorkHub\bin\Debug\net8.0\WorkHub.Models.dll' because it is being used by another process. The file is locked by: "Microsoft Visual Studio (23372), WorkHub (27664)" [C:\Users\OS\Documents\WorkHub_all\WorkHub\WorkHub\WorkHub.csproj]
C:\Program Files\dotnet\sdk\10.0.101\Microsoft.Common.CurrentVersion.targets(5080,5): warning MSB3026: Could not copy "C:\Users\OS\Documents\WorkHub_all\WorkHub\WorkHub.DataAccess\bin\Debug\net8.0\WorkHub.DataAccess.dll" to "bin\Debug\net8.0\WorkHub.DataAccess.dll". Beginning retry 4 in 1000ms. The process cannot access the file 'C:\Users\OS\Documents\WorkHub_all\WorkHub\WorkHub\bin\Debug\net8.0\WorkHub.DataAccess.dll' because it is being used by another process. The file is locked by: "Microsoft Visual Studio (23372), WorkHub (27664)" [C:\Users\OS\Documents\WorkHub_all\WorkHub\WorkHub\WorkHub.csproj]
C:\Program Files\dotnet\sdk\10.0.101\Microsoft.Common.CurrentVersion.targets(5080,5): warning MSB3026: Could not copy "C:\Users\OS\Documents\WorkHub_all\WorkHub\WorkHub.Business\bin\Debug\net8.0\WorkHub.Business.dll" to "bin\Debug\net8.0\WorkHub.Business.dll". Beginning retry 5 in 1000ms. The process cannot access the file 'C:\Users\OS\Documents\WorkHub_all\WorkHub\WorkHub\bin\Debug\net8.0\WorkHub.Business.dll' because it is being used by another process. The file is locked by: "Microsoft Visual Studio (23372), WorkHub (27664)" [C:\Users\OS\Documents\WorkHub_all\WorkHub\WorkHub\WorkHub.csproj]
C:\Program Files\dotnet\sdk\10.0.101\Microsoft.Common.CurrentVersion.targets(5080,5): warning MSB3026: Could not copy "C:\Users\OS\Documents\WorkHub_all\WorkHub\WorkHub.Models\bin\Debug\net8.0\WorkHub.Models.dll" to "bin\Debug\net8.0\WorkHub.Models.dll". Beginning retry 5 in 1000ms. The process cannot access the file 'C:\Users\OS\Documents\WorkHub_all\WorkHub\WorkHub\bin\Debug\net8.0\WorkHub.Models.dll' because it is being used by another process. The file is locked by: "Microsoft Visual Studio (23372), WorkHub (27664)" [C:\Users\OS\Documents\WorkHub_all\WorkHub\WorkHub\WorkHub.csproj]
C:\Program Files\dotnet\sdk\10.0.101\Microsoft.Common.CurrentVersion.targets(5080,5): warning MSB3026: Could not copy "C:\Users\OS\Documents\WorkHub_all\WorkHub\WorkHub.DataAccess\bin\Debug\net8.0\WorkHub.DataAccess.dll" to "bin\Debug\net8.0\WorkHub.DataAccess.dll". Beginning retry 5 in 1000ms. The process cannot access the file 'C:\Users\OS\Documents\WorkHub_all\WorkHub\WorkHub\bin\Debug\net8.0\WorkHub.DataAccess.dll' because it is being used by another process. The file is locked by: "Microsoft Visual Studio (23372), WorkHub (27664)" [C:\Users\OS\Documents\WorkHub_all\WorkHub\WorkHub\WorkHub.csproj]
C:\Program Files\dotnet\sdk\10.0.101\Microsoft.Common.CurrentVersion.targets(5080,5): warning MSB3026: Could not copy "C:\Users\OS\Documents\WorkHub_all\WorkHub\WorkHub.Business\bin\Debug\net8.0\WorkHub.Business.dll" to "bin\Debug\net8.0\WorkHub.Business.dll". Beginning retry 6 in 1000ms. The process cannot access the file 'C:\Users\OS\Documents\WorkHub_all\WorkHub\WorkHub\bin\Debug\net8.0\WorkHub.Business.dll' because it is being used by another process. The file is locked by: "Microsoft Visual Studio (23372), WorkHub (27664)" [C:\Users\OS\Documents\WorkHub_all\WorkHub\WorkHub\WorkHub.csproj]
C:\Program Files\dotnet\sdk\10.0.101\Microsoft.Common.CurrentVersion.targets(5080,5): warning MSB3026: Could not copy "C:\Users\OS\Documents\WorkHub_all\WorkHub\WorkHub.DataAccess\bin\Debug\net8.0\WorkHub.DataAccess.dll" to "bin\Debug\net8.0\WorkHub.DataAccess.dll". Beginning retry 6 in 1000ms. The process cannot access the file 'C:\Users\OS\Documents\WorkHub_all\WorkHub\WorkHub\bin\Debug\net8.0\WorkHub.DataAccess.dll' because it is being used by another process. The file is locked by: "Microsoft Visual Studio (23372), WorkHub (27664)" [C:\Users\OS\Documents\WorkHub_all\WorkHub\WorkHub\WorkHub.csproj]
C:\Program Files\dotnet\sdk\10.0.101\Microsoft.Common.CurrentVersion.targets(5080,5): warning MSB3026: Could not copy "C:\Users\OS\Documents\WorkHub_all\WorkHub\WorkHub.Models\bin\Debug\net8.0\WorkHub.Models.dll" to "bin\Debug\net8.0\WorkHub.Models.dll". Beginning retry 6 in 1000ms. The process cannot access the file 'C:\Users\OS\Documents\WorkHub_all\WorkHub\WorkHub\bin\Debug\net8.0\WorkHub.Models.dll' because it is being used by another process. The file is locked by: "Microsoft Visual Studio (23372), WorkHub (27664)" [C:\Users\OS\Documents\WorkHub_all\WorkHub\WorkHub\WorkHub.csproj]
C:\Program Files\dotnet\sdk\10.0.101\Microsoft.Common.CurrentVersion.targets(5080,5): warning MSB3026: Could not copy "C:\Users\OS\Documents\WorkHub_all\WorkHub\WorkHub.Business\bin\Debug\net8.0\WorkHub.Business.dll" to "bin\Debug\net8.0\WorkHub.Business.dll". Beginning retry 7 in 1000ms. The process cannot access the file 'C:\Users\OS\Documents\WorkHub_all\WorkHub\WorkHub\bin\Debug\net8.0\WorkHub.Business.dll' because it is being used by another process. The file is locked by: "Microsoft Visual Studio (23372), WorkHub (27664)" [C:\Users\OS\Documents\WorkHub_all\WorkHub\WorkHub\WorkHub.csproj]
C:\Program Files\dotnet\sdk\10.0.101\Microsoft.Common.CurrentVersion.targets(5080,5): warning MSB3026: Could not copy "C:\Users\OS\Documents\WorkHub_all\WorkHub\WorkHub.Models\bin\Debug\net8.0\WorkHub.Models.dll" to "bin\Debug\net8.0\WorkHub.Models.dll". Beginning retry 7 in 1000ms. The process cannot access the file 'C:\Users\OS\Documents\WorkHub_all\WorkHub\WorkHub\bin\Debug\net8.0\WorkHub.Models.dll' because it is being used by another process. The file is locked by: "Microsoft Visual Studio (23372), WorkHub (27664)" [C:\Users\OS\Documents\WorkHub_all\WorkHub\WorkHub\WorkHub.csproj]
C:\Program Files\dotnet\sdk\10.0.101\Microsoft.Common.CurrentVersion.targets(5080,5): warning MSB3026: Could not copy "C:\Users\OS\Documents\WorkHub_all\WorkHub\WorkHub.DataAccess\bin\Debug\net8.0\WorkHub.DataAccess.dll" to "bin\Debug\net8.0\WorkHub.DataAccess.dll". Beginning retry 7 in 1000ms. The process cannot access the file 'C:\Users\OS\Documents\WorkHub_all\WorkHub\WorkHub\bin\Debug\net8.0\WorkHub.DataAccess.dll' because it is being used by another process. The file is locked by: "Microsoft Visual Studio (23372), WorkHub (27664)" [C:\Users\OS\Documents\WorkHub_all\WorkHub\WorkHub\WorkHub.csproj]
C:\Program Files\dotnet\sdk\10.0.101\Microsoft.Common.CurrentVersion.targets(5080,5): warning MSB3026: Could not copy "C:\Users\OS\Documents\WorkHub_all\WorkHub\WorkHub.Business\bin\Debug\net8.0\WorkHub.Business.dll" to "bin\Debug\net8.0\WorkHub.Business.dll". Beginning retry 8 in 1000ms. The process cannot access the file 'C:\Users\OS\Documents\WorkHub_all\WorkHub\WorkHub\bin\Debug\net8.0\WorkHub.Business.dll' because it is being used by another process. The file is locked by: "Microsoft Visual Studio (23372), WorkHub (27664)" [C:\Users\OS\Documents\WorkHub_all\WorkHub\WorkHub\WorkHub.csproj]
C:\Program Files\dotnet\sdk\10.0.101\Microsoft.Common.CurrentVersion.targets(5080,5): warning MSB3026: Could not copy "C:\Users\OS\Documents\WorkHub_all\WorkHub\WorkHub.Models\bin\Debug\net8.0\WorkHub.Models.dll" to "bin\Debug\net8.0\WorkHub.Models.dll". Beginning retry 8 in 1000ms. The process cannot access the file 'C:\Users\OS\Documents\WorkHub_all\WorkHub\WorkHub\bin\Debug\net8.0\WorkHub.Models.dll' because it is being used by another process. The file is locked by: "Microsoft Visual Studio (23372), WorkHub (27664)" [C:\Users\OS\Documents\WorkHub_all\WorkHub\WorkHub\WorkHub.csproj]
C:\Program Files\dotnet\sdk\10.0.101\Microsoft.Common.CurrentVersion.targets(5080,5): warning MSB3026: Could not copy "C:\Users\OS\Documents\WorkHub_all\WorkHub\WorkHub.DataAccess\bin\Debug\net8.0\WorkHub.DataAccess.dll" to "bin\Debug\net8.0\WorkHub.DataAccess.dll". Beginning retry 8 in 1000ms. The process cannot access the file 'C:\Users\OS\Documents\WorkHub_all\WorkHub\WorkHub\bin\Debug\net8.0\WorkHub.DataAccess.dll' because it is being used by another process. The file is locked by: "Microsoft Visual Studio (23372), WorkHub (27664)" [C:\Users\OS\Documents\WorkHub_all\WorkHub\WorkHub\WorkHub.csproj]
C:\Program Files\dotnet\sdk\10.0.101\Microsoft.Common.CurrentVersion.targets(5080,5): warning MSB3026: Could not copy "C:\Users\OS\Documents\WorkHub_all\WorkHub\WorkHub.Business\bin\Debug\net8.0\WorkHub.Business.dll" to "bin\Debug\net8.0\WorkHub.Business.dll". Beginning retry 9 in 1000ms. The process cannot access the file 'C:\Users\OS\Documents\WorkHub_all\WorkHub\WorkHub\bin\Debug\net8.0\WorkHub.Business.dll' because it is being used by another process. The file is locked by: "Microsoft Visual Studio (23372), WorkHub (27664)" [C:\Users\OS\Documents\WorkHub_all\WorkHub\WorkHub\WorkHub.csproj]
C:\Program Files\dotnet\sdk\10.0.101\Microsoft.Common.CurrentVersion.targets(5080,5): warning MSB3026: Could not copy "C:\Users\OS\Documents\WorkHub_all\WorkHub\WorkHub.DataAccess\bin\Debug\net8.0\WorkHub.DataAccess.dll" to "bin\Debug\net8.0\WorkHub.DataAccess.dll". Beginning retry 9 in 1000ms. The process cannot access the file 'C:\Users\OS\Documents\WorkHub_all\WorkHub\WorkHub\bin\Debug\net8.0\WorkHub.DataAccess.dll' because it is being used by another process. The file is locked by: "Microsoft Visual Studio (23372), WorkHub (27664)" [C:\Users\OS\Documents\WorkHub_all\WorkHub\WorkHub\WorkHub.csproj]
C:\Program Files\dotnet\sdk\10.0.101\Microsoft.Common.CurrentVersion.targets(5080,5): warning MSB3026: Could not copy "C:\Users\OS\Documents\WorkHub_all\WorkHub\WorkHub.Models\bin\Debug\net8.0\WorkHub.Models.dll" to "bin\Debug\net8.0\WorkHub.Models.dll". Beginning retry 9 in 1000ms. The process cannot access the file 'C:\Users\OS\Documents\WorkHub_all\WorkHub\WorkHub\bin\Debug\net8.0\WorkHub.Models.dll' because it is being used by another process. The file is locked by: "Microsoft Visual Studio (23372), WorkHub (27664)" [C:\Users\OS\Documents\WorkHub_all\WorkHub\WorkHub\WorkHub.csproj]
C:\Program Files\dotnet\sdk\10.0.101\Microsoft.Common.CurrentVersion.targets(5080,5): warning MSB3026: Could not copy "C:\Users\OS\Documents\WorkHub_all\WorkHub\WorkHub.Business\bin\Debug\net8.0\WorkHub.Business.dll" to "bin\Debug\net8.0\WorkHub.Business.dll". Beginning retry 10 in 1000ms. The process cannot access the file 'C:\Users\OS\Documents\WorkHub_all\WorkHub\WorkHub\bin\Debug\net8.0\WorkHub.Business.dll' because it is being used by another process. The file is locked by: "Microsoft Visual Studio (23372), WorkHub (27664)" [C:\Users\OS\Documents\WorkHub_all\WorkHub\WorkHub\WorkHub.csproj]
C:\Program Files\dotnet\sdk\10.0.101\Microsoft.Common.CurrentVersion.targets(5080,5): warning MSB3026: Could not copy "C:\Users\OS\Documents\WorkHub_all\WorkHub\WorkHub.DataAccess\bin\Debug\net8.0\WorkHub.DataAccess.dll" to "bin\Debug\net8.0\WorkHub.DataAccess.dll". Beginning retry 10 in 1000ms. The process cannot access the file 'C:\Users\OS\Documents\WorkHub_all\WorkHub\WorkHub\bin\Debug\net8.0\WorkHub.DataAccess.dll' because it is being used by another process. The file is locked by: "Microsoft Visual Studio (23372), WorkHub (27664)" [C:\Users\OS\Documents\WorkHub_all\WorkHub\WorkHub\WorkHub.csproj]
C:\Program Files\dotnet\sdk\10.0.101\Microsoft.Common.CurrentVersion.targets(5080,5): warning MSB3026: Could not copy "C:\Users\OS\Documents\WorkHub_all\WorkHub\WorkHub.Models\bin\Debug\net8.0\WorkHub.Models.dll" to "bin\Debug\net8.0\WorkHub.Models.dll". Beginning retry 10 in 1000ms. The process cannot access the file 'C:\Users\OS\Documents\WorkHub_all\WorkHub\WorkHub\bin\Debug\net8.0\WorkHub.Models.dll' because it is being used by another process. The file is locked by: "Microsoft Visual Studio (23372), WorkHub (27664)" [C:\Users\OS\Documents\WorkHub_all\WorkHub\WorkHub\WorkHub.csproj]
C:\Program Files\dotnet\sdk\10.0.101\Microsoft.Common.CurrentVersion.targets(5080,5): error MSB3027: Could not copy "C:\Users\OS\Documents\WorkHub_all\WorkHub\WorkHub.Business\bin\Debug\net8.0\WorkHub.Business.dll" to "bin\Debug\net8.0\WorkHub.Business.dll". Exceeded retry count of 10. Failed. The file is locked by: "Microsoft Visual Studio (23372), WorkHub (27664)" [C:\Users\OS\Documents\WorkHub_all\WorkHub\WorkHub\WorkHub.csproj]
C:\Program Files\dotnet\sdk\10.0.101\Microsoft.Common.CurrentVersion.targets(5080,5): error MSB3021: Unable to copy file "C:\Users\OS\Documents\WorkHub_all\WorkHub\WorkHub.Business\bin\Debug\net8.0\WorkHub.Business.dll" to "bin\Debug\net8.0\WorkHub.Business.dll". The process cannot access the file 'C:\Users\OS\Documents\WorkHub_all\WorkHub\WorkHub\bin\Debug\net8.0\WorkHub.Business.dll' because it is being used by another process. [C:\Users\OS\Documents\WorkHub_all\WorkHub\WorkHub\WorkHub.csproj]
C:\Program Files\dotnet\sdk\10.0.101\Microsoft.Common.CurrentVersion.targets(5080,5): error MSB3027: Could not copy "C:\Users\OS\Documents\WorkHub_all\WorkHub\WorkHub.Models\bin\Debug\net8.0\WorkHub.Models.dll" to "bin\Debug\net8.0\WorkHub.Models.dll". Exceeded retry count of 10. Failed. The file is locked by: "Microsoft Visual Studio (23372), WorkHub (27664)" [C:\Users\OS\Documents\WorkHub_all\WorkHub\WorkHub\WorkHub.csproj]
C:\Program Files\dotnet\sdk\10.0.101\Microsoft.Common.CurrentVersion.targets(5080,5): error MSB3021: Unable to copy file "C:\Users\OS\Documents\WorkHub_all\WorkHub\WorkHub.Models\bin\Debug\net8.0\WorkHub.Models.dll" to "bin\Debug\net8.0\WorkHub.Models.dll". The process cannot access the file 'C:\Users\OS\Documents\WorkHub_all\WorkHub\WorkHub\bin\Debug\net8.0\WorkHub.Models.dll' because it is being used by another process. [C:\Users\OS\Documents\WorkHub_all\WorkHub\WorkHub\WorkHub.csproj]
C:\Program Files\dotnet\sdk\10.0.101\Microsoft.Common.CurrentVersion.targets(5080,5): error MSB3027: Could not copy "C:\Users\OS\Documents\WorkHub_all\WorkHub\WorkHub.DataAccess\bin\Debug\net8.0\WorkHub.DataAccess.dll" to "bin\Debug\net8.0\WorkHub.DataAccess.dll". Exceeded retry count of 10. Failed. The file is locked by: "Microsoft Visual Studio (23372), WorkHub (27664)" [C:\Users\OS\Documents\WorkHub_all\WorkHub\WorkHub\WorkHub.csproj]
C:\Program Files\dotnet\sdk\10.0.101\Microsoft.Common.CurrentVersion.targets(5080,5): error MSB3021: Unable to copy file "C:\Users\OS\Documents\WorkHub_all\WorkHub\WorkHub.DataAccess\bin\Debug\net8.0\WorkHub.DataAccess.dll" to "bin\Debug\net8.0\WorkHub.DataAccess.dll". The process cannot access the file 'C:\Users\OS\Documents\WorkHub_all\WorkHub\WorkHub\bin\Debug\net8.0\WorkHub.DataAccess.dll' because it is being used by another process. [C:\Users\OS\Documents\WorkHub_all\WorkHub\WorkHub\WorkHub.csproj]
    30 Warning(s)
    6 Error(s)

Time Elapsed 00:00:13.45
