  Determining projects to restore...
  Restored C:\Users\OS\Documents\WorkHub_all\WorkHub\WorkHub.Utility\WorkHub.Utility.csproj (in 370 ms).
  Restored c:\Users\OS\Documents\WorkHub_all\WorkHub\WorkHub.Business\WorkHub.Business.csproj (in 370 ms).
  Restored c:\Users\OS\Documents\WorkHub_all\WorkHub\WorkHub.DataAccess\WorkHub.DataAccess.csproj (in 370 ms).
  1 of 4 projects are up-to-date for restore.
  WorkHub.Models -> c:\Users\OS\Documents\WorkHub_all\WorkHub\WorkHub.Models\bin\Debug\net8.0\WorkHub.Models.dll
  WorkHub.Utility -> c:\Users\OS\Documents\WorkHub_all\WorkHub\WorkHub.Utility\bin\Debug\net8.0\WorkHub.Utility.dll
  WorkHub.DataAccess -> c:\Users\OS\Documents\WorkHub_all\WorkHub\WorkHub.DataAccess\bin\Debug\net8.0\WorkHub.DataAccess.dll
c:\Users\OS\Documents\WorkHub_all\WorkHub\WorkHub.Business\Service\NotificationService.cs(31,54): error CS1061: 'IRepository<Notification>' does not contain a definition for 'AddAsync' and no accessible extension method 'AddAsync' accepting a first argument of type 'IRepository<Notification>' could be found (are you missing a using directive or an assembly reference?) [c:\Users\OS\Documents\WorkHub_all\WorkHub\WorkHub.Business\WorkHub.Business.csproj]
c:\Users\OS\Documents\WorkHub_all\WorkHub\WorkHub.Business\Service\NotificationService.cs(41,62): error CS1061: 'IRepository<UserNotification>' does not contain a definition for 'AddAsync' and no accessible extension method 'AddAsync' accepting a first argument of type 'IRepository<UserNotification>' could be found (are you missing a using directive or an assembly reference?) [c:\Users\OS\Documents\WorkHub_all\WorkHub\WorkHub.Business\WorkHub.Business.csproj]
c:\Users\OS\Documents\WorkHub_all\WorkHub\WorkHub.Business\Service\NotificationService.cs(57,74): error CS1061: 'IRepository<UserNotification>' does not contain a definition for 'GetFirstOrDefaultAsync' and no accessible extension method 'GetFirstOrDefaultAsync' accepting a first argument of type 'IRepository<UserNotification>' could be found (are you missing a using directive or an assembly reference?) [c:\Users\OS\Documents\WorkHub_all\WorkHub\WorkHub.Business\WorkHub.Business.csproj]
c:\Users\OS\Documents\WorkHub_all\WorkHub\WorkHub.Business\Service\AuthService.cs(124,56): warning CS8604: Possible null reference argument for parameter 'hashedText' in 'bool BCryptHelper.Decode(string plainText, string hashedText)'. [c:\Users\OS\Documents\WorkHub_all\WorkHub\WorkHub.Business\WorkHub.Business.csproj]
c:\Users\OS\Documents\WorkHub_all\WorkHub\WorkHub.Business\Service\AuthService.cs(142,72): warning CS8604: Possible null reference argument for parameter 'hashedText' in 'bool BCryptHelper.Decode(string plainText, string hashedText)'. [c:\Users\OS\Documents\WorkHub_all\WorkHub\WorkHub.Business\WorkHub.Business.csproj]
c:\Users\OS\Documents\WorkHub_all\WorkHub\WorkHub.Business\Mapping\MappingProfile.cs(30,114): warning CS8602: Dereference of a possibly null reference. [c:\Users\OS\Documents\WorkHub_all\WorkHub\WorkHub.Business\WorkHub.Business.csproj]
c:\Users\OS\Documents\WorkHub_all\WorkHub\WorkHub.Business\Mapping\MappingProfile.cs(42,114): warning CS8602: Dereference of a possibly null reference. [c:\Users\OS\Documents\WorkHub_all\WorkHub\WorkHub.Business\WorkHub.Business.csproj]
c:\Users\OS\Documents\WorkHub_all\WorkHub\WorkHub.Business\Mapping\MappingProfile.cs(63,67): warning CS8602: Dereference of a possibly null reference. [c:\Users\OS\Documents\WorkHub_all\WorkHub\WorkHub.Business\WorkHub.Business.csproj]
c:\Users\OS\Documents\WorkHub_all\WorkHub\WorkHub.Business\Mapping\MappingProfile.cs(123,111): warning CS8602: Dereference of a possibly null reference. [c:\Users\OS\Documents\WorkHub_all\WorkHub\WorkHub.Business\WorkHub.Business.csproj]
c:\Users\OS\Documents\WorkHub_all\WorkHub\WorkHub.Business\Mapping\MappingProfile.cs(133,63): warning CS8602: Dereference of a possibly null reference. [c:\Users\OS\Documents\WorkHub_all\WorkHub\WorkHub.Business\WorkHub.Business.csproj]
c:\Users\OS\Documents\WorkHub_all\WorkHub\WorkHub.Business\Mapping\MappingProfile.cs(134,66): warning CS8602: Dereference of a possibly null reference. [c:\Users\OS\Documents\WorkHub_all\WorkHub\WorkHub.Business\WorkHub.Business.csproj]
c:\Users\OS\Documents\WorkHub_all\WorkHub\WorkHub.Business\Mapping\MappingProfile.cs(149,60): warning CS8602: Dereference of a possibly null reference. [c:\Users\OS\Documents\WorkHub_all\WorkHub\WorkHub.Business\WorkHub.Business.csproj]
c:\Users\OS\Documents\WorkHub_all\WorkHub\WorkHub.Business\Mapping\MappingProfile.cs(235,135): warning CS8602: Dereference of a possibly null reference. [c:\Users\OS\Documents\WorkHub_all\WorkHub\WorkHub.Business\WorkHub.Business.csproj]
c:\Users\OS\Documents\WorkHub_all\WorkHub\WorkHub.Business\Mapping\MappingProfile.cs(297,62): warning CS8602: Dereference of a possibly null reference. [c:\Users\OS\Documents\WorkHub_all\WorkHub\WorkHub.Business\WorkHub.Business.csproj]

Build FAILED.

c:\Users\OS\Documents\WorkHub_all\WorkHub\WorkHub.Business\Service\AuthService.cs(124,56): warning CS8604: Possible null reference argument for parameter 'hashedText' in 'bool BCryptHelper.Decode(string plainText, string hashedText)'. [c:\Users\OS\Documents\WorkHub_all\WorkHub\WorkHub.Business\WorkHub.Business.csproj]
c:\Users\OS\Documents\WorkHub_all\WorkHub\WorkHub.Business\Service\AuthService.cs(142,72): warning CS8604: Possible null reference argument for parameter 'hashedText' in 'bool BCryptHelper.Decode(string plainText, string hashedText)'. [c:\Users\OS\Documents\WorkHub_all\WorkHub\WorkHub.Business\WorkHub.Business.csproj]
c:\Users\OS\Documents\WorkHub_all\WorkHub\WorkHub.Business\Mapping\MappingProfile.cs(30,114): warning CS8602: Dereference of a possibly null reference. [c:\Users\OS\Documents\WorkHub_all\WorkHub\WorkHub.Business\WorkHub.Business.csproj]
c:\Users\OS\Documents\WorkHub_all\WorkHub\WorkHub.Business\Mapping\MappingProfile.cs(42,114): warning CS8602: Dereference of a possibly null reference. [c:\Users\OS\Documents\WorkHub_all\WorkHub\WorkHub.Business\WorkHub.Business.csproj]
c:\Users\OS\Documents\WorkHub_all\WorkHub\WorkHub.Business\Mapping\MappingProfile.cs(63,67): warning CS8602: Dereference of a possibly null reference. [c:\Users\OS\Documents\WorkHub_all\WorkHub\WorkHub.Business\WorkHub.Business.csproj]
c:\Users\OS\Documents\WorkHub_all\WorkHub\WorkHub.Business\Mapping\MappingProfile.cs(123,111): warning CS8602: Dereference of a possibly null reference. [c:\Users\OS\Documents\WorkHub_all\WorkHub\WorkHub.Business\WorkHub.Business.csproj]
c:\Users\OS\Documents\WorkHub_all\WorkHub\WorkHub.Business\Mapping\MappingProfile.cs(133,63): warning CS8602: Dereference of a possibly null reference. [c:\Users\OS\Documents\WorkHub_all\WorkHub\WorkHub.Business\WorkHub.Business.csproj]
c:\Users\OS\Documents\WorkHub_all\WorkHub\WorkHub.Business\Mapping\MappingProfile.cs(134,66): warning CS8602: Dereference of a possibly null reference. [c:\Users\OS\Documents\WorkHub_all\WorkHub\WorkHub.Business\WorkHub.Business.csproj]
c:\Users\OS\Documents\WorkHub_all\WorkHub\WorkHub.Business\Mapping\MappingProfile.cs(149,60): warning CS8602: Dereference of a possibly null reference. [c:\Users\OS\Documents\WorkHub_all\WorkHub\WorkHub.Business\WorkHub.Business.csproj]
c:\Users\OS\Documents\WorkHub_all\WorkHub\WorkHub.Business\Mapping\MappingProfile.cs(235,135): warning CS8602: Dereference of a possibly null reference. [c:\Users\OS\Documents\WorkHub_all\WorkHub\WorkHub.Business\WorkHub.Business.csproj]
c:\Users\OS\Documents\WorkHub_all\WorkHub\WorkHub.Business\Mapping\MappingProfile.cs(297,62): warning CS8602: Dereference of a possibly null reference. [c:\Users\OS\Documents\WorkHub_all\WorkHub\WorkHub.Business\WorkHub.Business.csproj]
c:\Users\OS\Documents\WorkHub_all\WorkHub\WorkHub.Business\Service\NotificationService.cs(31,54): error CS1061: 'IRepository<Notification>' does not contain a definition for 'AddAsync' and no accessible extension method 'AddAsync' accepting a first argument of type 'IRepository<Notification>' could be found (are you missing a using directive or an assembly reference?) [c:\Users\OS\Documents\WorkHub_all\WorkHub\WorkHub.Business\WorkHub.Business.csproj]
c:\Users\OS\Documents\WorkHub_all\WorkHub\WorkHub.Business\Service\NotificationService.cs(41,62): error CS1061: 'IRepository<UserNotification>' does not contain a definition for 'AddAsync' and no accessible extension method 'AddAsync' accepting a first argument of type 'IRepository<UserNotification>' could be found (are you missing a using directive or an assembly reference?) [c:\Users\OS\Documents\WorkHub_all\WorkHub\WorkHub.Business\WorkHub.Business.csproj]
c:\Users\OS\Documents\WorkHub_all\WorkHub\WorkHub.Business\Service\NotificationService.cs(57,74): error CS1061: 'IRepository<UserNotification>' does not contain a definition for 'GetFirstOrDefaultAsync' and no accessible extension method 'GetFirstOrDefaultAsync' accepting a first argument of type 'IRepository<UserNotification>' could be found (are you missing a using directive or an assembly reference?) [c:\Users\OS\Documents\WorkHub_all\WorkHub\WorkHub.Business\WorkHub.Business.csproj]
    11 Warning(s)
    3 Error(s)

Time Elapsed 00:00:02.16
